// Jest Snapshot v1, https://goo.gl/fbAQLP

exports[`DocumentContainer should render 1`] = `
<div>
  <div
    class="sc-bdvvtL bdogIK"
  >
    <section>
      <p
        class="typo-element"
      >
        TEST_HEADER
      </p>
      <p
        class="typo-normal"
      >
        Test_text_1
      </p>
    </section>
    <section>
      <p
        class="typo-element"
      >
        TEST_HEADER
      </p>
      <p
        class="typo-normal"
      >
        Test_text_1
      </p>
    </section>
    <div>
      Test div
    </div>
  </div>
</div>
`;
