// Jest Snapshot v1, https://goo.gl/fbAQLP

exports[`VeilederSpeechBubble should render 1`] = `
<div>
  <div
    class="nav-veileder sc-bdvvtL jQhzHo nav-veileder--hoyre"
  >
    <div
      class="nav-veileder__frame nav-veileder__frame--s nav-veileder__frame--info"
    >
      <img
        src="[object Object]"
      />
    </div>
    <i
      class="nav-veileder__snakkeboblePil nav-veileder__snakkeboblePil--hoyre nav-veileder__snakkeboblePil--hvit"
    />
    <div
      class="nav-veileder__snakkeboble nav-veileder__snakkeboble--hoyre nav-veileder__snakkeboble--hvit"
    >
      <div>
        Test text
      </div>
    </div>
  </div>
</div>
`;
